mode: set
github.com/emad-elsaid/xlog/extensions/photos/photos.go:37.13,39.2 1 1
github.com/emad-elsaid/xlog/extensions/photos/photos.go:43.29,43.48 1 0
github.com/emad-elsaid/xlog/extensions/photos/photos.go:44.22,51.2 6 0
github.com/emad-elsaid/xlog/extensions/photos/photos.go:61.31,65.2 3 1
github.com/emad-elsaid/xlog/extensions/photos/photos.go:67.41,67.54 1 0
github.com/emad-elsaid/xlog/extensions/photos/photos.go:68.41,68.57 1 0
github.com/emad-elsaid/xlog/extensions/photos/photos.go:69.41,69.54 1 0
github.com/emad-elsaid/xlog/extensions/photos/photos.go:70.41,70.57 1 0
github.com/emad-elsaid/xlog/extensions/photos/photos.go:71.41,71.57 1 0
github.com/emad-elsaid/xlog/extensions/photos/photos.go:72.41,72.63 1 0
github.com/emad-elsaid/xlog/extensions/photos/photos.go:73.41,73.60 1 0
github.com/emad-elsaid/xlog/extensions/photos/photos.go:74.40,76.2 1 0
github.com/emad-elsaid/xlog/extensions/photos/photos.go:78.44,80.16 2 1
github.com/emad-elsaid/xlog/extensions/photos/photos.go:80.16,82.3 1 1
github.com/emad-elsaid/xlog/extensions/photos/photos.go:84.2,85.16 2 1
github.com/emad-elsaid/xlog/extensions/photos/photos.go:85.16,87.3 1 0
github.com/emad-elsaid/xlog/extensions/photos/photos.go:88.2,88.15 1 1
github.com/emad-elsaid/xlog/extensions/photos/photos.go:88.15,89.59 1 1
github.com/emad-elsaid/xlog/extensions/photos/photos.go:89.59,91.4 1 0
github.com/emad-elsaid/xlog/extensions/photos/photos.go:94.2,97.21 3 1
github.com/emad-elsaid/xlog/extensions/photos/photos.go:97.21,99.17 2 0
github.com/emad-elsaid/xlog/extensions/photos/photos.go:99.17,101.4 1 0
github.com/emad-elsaid/xlog/extensions/photos/photos.go:104.2,110.8 1 1
github.com/emad-elsaid/xlog/extensions/photos/photos.go:113.68,114.49 1 0
github.com/emad-elsaid/xlog/extensions/photos/photos.go:114.49,119.80 3 0
github.com/emad-elsaid/xlog/extensions/photos/photos.go:119.80,120.18 1 0
github.com/emad-elsaid/xlog/extensions/photos/photos.go:120.18,122.5 1 0
github.com/emad-elsaid/xlog/extensions/photos/photos.go:124.4,124.85 1 0
github.com/emad-elsaid/xlog/extensions/photos/photos.go:124.85,126.19 2 0
github.com/emad-elsaid/xlog/extensions/photos/photos.go:126.19,128.6 1 0
github.com/emad-elsaid/xlog/extensions/photos/photos.go:130.5,132.35 3 0
github.com/emad-elsaid/xlog/extensions/photos/photos.go:135.4,135.14 1 0
github.com/emad-elsaid/xlog/extensions/photos/photos.go:138.3,138.17 1 0
github.com/emad-elsaid/xlog/extensions/photos/photos.go:138.17,140.4 1 0
github.com/emad-elsaid/xlog/extensions/photos/photos.go:142.3,142.49 1 0
github.com/emad-elsaid/xlog/extensions/photos/photos.go:142.49,144.4 1 0
github.com/emad-elsaid/xlog/extensions/photos/photos.go:146.3,148.5 1 0
github.com/emad-elsaid/xlog/extensions/photos/photos.go:152.48,156.69 3 0
github.com/emad-elsaid/xlog/extensions/photos/photos.go:156.69,158.3 1 0
github.com/emad-elsaid/xlog/extensions/photos/photos.go:160.2,162.16 3 0
github.com/emad-elsaid/xlog/extensions/photos/photos.go:162.16,163.48 1 0
github.com/emad-elsaid/xlog/extensions/photos/photos.go:163.48,164.54 1 0
github.com/emad-elsaid/xlog/extensions/photos/photos.go:164.54,167.5 1 0
github.com/emad-elsaid/xlog/extensions/photos/photos.go:171.2,171.47 1 0
github.com/emad-elsaid/xlog/extensions/photos/photos.go:171.47,173.17 2 0
github.com/emad-elsaid/xlog/extensions/photos/photos.go:173.17,174.66 1 0
github.com/emad-elsaid/xlog/extensions/photos/photos.go:174.66,176.5 1 0
github.com/emad-elsaid/xlog/extensions/photos/photos.go:177.4,177.10 1 0
github.com/emad-elsaid/xlog/extensions/photos/photos.go:179.3,179.16 1 0
github.com/emad-elsaid/xlog/extensions/photos/photos.go:179.16,180.55 1 0
github.com/emad-elsaid/xlog/extensions/photos/photos.go:180.55,182.5 1 0
github.com/emad-elsaid/xlog/extensions/photos/photos.go:185.3,197.47 9 0
github.com/emad-elsaid/xlog/extensions/photos/photos.go:197.47,198.89 1 0
github.com/emad-elsaid/xlog/extensions/photos/photos.go:198.89,200.5 1 0
github.com/emad-elsaid/xlog/extensions/photos/photos.go:201.4,201.10 1 0
github.com/emad-elsaid/xlog/extensions/photos/photos.go:204.3,204.68 1 0
github.com/emad-elsaid/xlog/extensions/photos/photos.go:204.68,207.4 1 0
github.com/emad-elsaid/xlog/extensions/photos/photos.go:209.3,209.49 1 0
github.com/emad-elsaid/xlog/extensions/photos/photos.go:209.49,211.4 1 0
github.com/emad-elsaid/xlog/extensions/photos/photos.go:215.47,218.16 3 0
github.com/emad-elsaid/xlog/extensions/photos/photos.go:218.16,220.3 1 0
github.com/emad-elsaid/xlog/extensions/photos/photos.go:222.2,224.4 1 0
github.com/emad-elsaid/xlog/extensions/photos/properties.go:18.33,18.53 1 0
github.com/emad-elsaid/xlog/extensions/photos/properties.go:19.33,19.53 1 0
github.com/emad-elsaid/xlog/extensions/photos/properties.go:20.33,20.49 1 0
github.com/emad-elsaid/xlog/extensions/photos/properties.go:22.46,26.9 3 0
github.com/emad-elsaid/xlog/extensions/photos/properties.go:26.9,28.3 1 0
github.com/emad-elsaid/xlog/extensions/photos/properties.go:30.2,31.14 2 0
github.com/emad-elsaid/xlog/extensions/photos/properties.go:31.14,33.3 1 0
github.com/emad-elsaid/xlog/extensions/photos/properties.go:35.2,35.34 1 0
github.com/emad-elsaid/xlog/extensions/photos/properties.go:35.34,38.3 2 0
github.com/emad-elsaid/xlog/extensions/photos/properties.go:40.2,41.17 2 0
github.com/emad-elsaid/xlog/extensions/photos/properties.go:41.17,47.3 1 0
github.com/emad-elsaid/xlog/extensions/photos/properties.go:49.2,49.44 1 0
github.com/emad-elsaid/xlog/extensions/photos/properties.go:49.44,55.3 1 0
github.com/emad-elsaid/xlog/extensions/photos/properties.go:57.2,57.45 1 0
github.com/emad-elsaid/xlog/extensions/photos/properties.go:57.45,63.3 1 0
github.com/emad-elsaid/xlog/extensions/photos/properties.go:65.2,65.48 1 0
github.com/emad-elsaid/xlog/extensions/photos/properties.go:65.48,71.3 1 0
github.com/emad-elsaid/xlog/extensions/photos/properties.go:73.2,73.49 1 0
github.com/emad-elsaid/xlog/extensions/photos/properties.go:73.49,79.3 1 0
github.com/emad-elsaid/xlog/extensions/photos/properties.go:81.2,81.55 1 0
github.com/emad-elsaid/xlog/extensions/photos/properties.go:81.55,83.17 2 0
github.com/emad-elsaid/xlog/extensions/photos/properties.go:83.17,89.4 1 0
github.com/emad-elsaid/xlog/extensions/photos/properties.go:92.2,92.60 1 0
github.com/emad-elsaid/xlog/extensions/photos/properties.go:92.60,94.17 2 0
github.com/emad-elsaid/xlog/extensions/photos/properties.go:94.17,100.4 1 0
github.com/emad-elsaid/xlog/extensions/photos/properties.go:103.2,103.57 1 0
github.com/emad-elsaid/xlog/extensions/photos/properties.go:103.57,109.3 1 0
github.com/emad-elsaid/xlog/extensions/photos/properties.go:111.2,111.63 1 0
github.com/emad-elsaid/xlog/extensions/photos/properties.go:111.63,113.17 2 0
github.com/emad-elsaid/xlog/extensions/photos/properties.go:113.17,119.4 1 0
github.com/emad-elsaid/xlog/extensions/photos/properties.go:122.2,122.14 1 0
