mode: set
github.com/emad-elsaid/xlog/extensions/date/extension.go:10.13,12.2 1 1
github.com/emad-elsaid/xlog/extensions/date/extension.go:16.27,16.44 1 0
github.com/emad-elsaid/xlog/extensions/date/extension.go:17.20,31.2 7 0
github.com/emad-elsaid/xlog/extensions/date/handlers.go:14.36,17.16 3 0
github.com/emad-elsaid/xlog/extensions/date/handlers.go:17.16,19.3 1 0
github.com/emad-elsaid/xlog/extensions/date/handlers.go:21.2,21.50 1 0
github.com/emad-elsaid/xlog/extensions/date/handlers.go:21.50,24.30 3 0
github.com/emad-elsaid/xlog/extensions/date/handlers.go:24.30,25.26 1 0
github.com/emad-elsaid/xlog/extensions/date/handlers.go:25.26,27.5 1 0
github.com/emad-elsaid/xlog/extensions/date/handlers.go:30.3,30.13 1 0
github.com/emad-elsaid/xlog/extensions/date/handlers.go:33.2,36.4 1 0
github.com/emad-elsaid/xlog/extensions/date/handlers.go:39.40,42.37 2 0
github.com/emad-elsaid/xlog/extensions/date/handlers.go:42.37,44.17 2 0
github.com/emad-elsaid/xlog/extensions/date/handlers.go:44.17,46.4 1 0
github.com/emad-elsaid/xlog/extensions/date/handlers.go:48.3,48.50 1 0
github.com/emad-elsaid/xlog/extensions/date/handlers.go:48.50,50.4 1 0
github.com/emad-elsaid/xlog/extensions/date/handlers.go:53.2,55.43 2 0
github.com/emad-elsaid/xlog/extensions/date/handlers.go:55.43,57.3 1 0
github.com/emad-elsaid/xlog/extensions/date/handlers.go:59.2,62.4 1 0
github.com/emad-elsaid/xlog/extensions/date/handlers.go:85.44,88.26 2 0
github.com/emad-elsaid/xlog/extensions/date/handlers.go:88.26,90.27 2 0
github.com/emad-elsaid/xlog/extensions/date/handlers.go:90.27,92.4 1 0
github.com/emad-elsaid/xlog/extensions/date/handlers.go:93.3,93.57 1 0
github.com/emad-elsaid/xlog/extensions/date/handlers.go:96.2,97.36 2 0
github.com/emad-elsaid/xlog/extensions/date/handlers.go:97.36,101.36 3 0
github.com/emad-elsaid/xlog/extensions/date/handlers.go:101.36,109.24 6 0
github.com/emad-elsaid/xlog/extensions/date/handlers.go:109.24,110.28 1 0
github.com/emad-elsaid/xlog/extensions/date/handlers.go:110.28,112.6 1 0
github.com/emad-elsaid/xlog/extensions/date/handlers.go:115.4,116.35 2 0
github.com/emad-elsaid/xlog/extensions/date/handlers.go:116.35,117.36 1 0
github.com/emad-elsaid/xlog/extensions/date/handlers.go:117.36,118.11 1 0
github.com/emad-elsaid/xlog/extensions/date/handlers.go:120.5,122.40 3 0
github.com/emad-elsaid/xlog/extensions/date/handlers.go:122.40,124.6 1 0
github.com/emad-elsaid/xlog/extensions/date/handlers.go:125.5,125.29 1 0
github.com/emad-elsaid/xlog/extensions/date/handlers.go:125.29,126.42 1 0
github.com/emad-elsaid/xlog/extensions/date/handlers.go:126.42,128.7 1 0
github.com/emad-elsaid/xlog/extensions/date/handlers.go:130.5,130.45 1 0
github.com/emad-elsaid/xlog/extensions/date/handlers.go:133.4,134.56 2 0
github.com/emad-elsaid/xlog/extensions/date/handlers.go:137.3,137.34 1 0
github.com/emad-elsaid/xlog/extensions/date/handlers.go:140.2,140.14 1 0
github.com/emad-elsaid/xlog/extensions/date/links.go:9.38,13.2 1 0
github.com/emad-elsaid/xlog/extensions/date/links.go:17.31,17.71 1 0
github.com/emad-elsaid/xlog/extensions/date/links.go:18.31,18.52 1 0
github.com/emad-elsaid/xlog/extensions/date/links.go:19.51,23.2 1 0
github.com/emad-elsaid/xlog/extensions/date/node.go:17.51,22.2 2 0
github.com/emad-elsaid/xlog/extensions/date/node.go:24.40,26.2 1 0
github.com/emad-elsaid/xlog/extensions/date/parser.go:14.39,16.2 1 1
github.com/emad-elsaid/xlog/extensions/date/parser.go:48.93,50.16 2 1
github.com/emad-elsaid/xlog/extensions/date/parser.go:50.16,52.3 1 1
github.com/emad-elsaid/xlog/extensions/date/parser.go:54.2,56.17 2 1
github.com/emad-elsaid/xlog/extensions/date/parser.go:56.17,59.3 2 1
github.com/emad-elsaid/xlog/extensions/date/parser.go:61.2,63.22 3 1
github.com/emad-elsaid/xlog/extensions/date/parser.go:63.22,66.14 1 1
github.com/emad-elsaid/xlog/extensions/date/parser.go:66.14,68.9 2 0
github.com/emad-elsaid/xlog/extensions/date/parser.go:72.3,72.65 1 1
github.com/emad-elsaid/xlog/extensions/date/parser.go:72.65,74.4 1 1
github.com/emad-elsaid/xlog/extensions/date/parser.go:76.3,76.21 1 1
github.com/emad-elsaid/xlog/extensions/date/parser.go:76.21,78.9 2 1
github.com/emad-elsaid/xlog/extensions/date/parser.go:82.2,85.39 3 1
github.com/emad-elsaid/xlog/extensions/date/parser.go:85.39,87.17 2 1
github.com/emad-elsaid/xlog/extensions/date/parser.go:87.17,92.4 2 1
github.com/emad-elsaid/xlog/extensions/date/parser.go:95.2,95.12 1 1
github.com/emad-elsaid/xlog/extensions/date/renderer.go:14.79,16.2 1 0
github.com/emad-elsaid/xlog/extensions/date/renderer.go:18.115,19.15 1 0
github.com/emad-elsaid/xlog/extensions/date/renderer.go:19.15,21.3 1 0
github.com/emad-elsaid/xlog/extensions/date/renderer.go:23.2,24.9 2 0
github.com/emad-elsaid/xlog/extensions/date/renderer.go:24.9,26.3 1 0
github.com/emad-elsaid/xlog/extensions/date/renderer.go:28.2,31.194 3 0
github.com/emad-elsaid/xlog/extensions/date/renderer.go:31.194,33.3 1 0
github.com/emad-elsaid/xlog/extensions/date/renderer.go:35.2,35.30 1 0
