mode: set
github.com/emad-elsaid/xlog/build.go:26.53,27.18 1 0
github.com/emad-elsaid/xlog/build.go:27.18,29.3 1 0
github.com/emad-elsaid/xlog/build.go:29.8,31.3 1 0
github.com/emad-elsaid/xlog/build.go:34.31,45.16 3 0
github.com/emad-elsaid/xlog/build.go:45.16,47.3 1 0
github.com/emad-elsaid/xlog/build.go:49.2,49.59 1 0
github.com/emad-elsaid/xlog/build.go:49.59,57.17 2 0
github.com/emad-elsaid/xlog/build.go:57.17,59.4 1 0
github.com/emad-elsaid/xlog/build.go:61.3,61.13 1 0
github.com/emad-elsaid/xlog/build.go:64.2,64.45 1 0
github.com/emad-elsaid/xlog/build.go:64.45,66.3 1 0
github.com/emad-elsaid/xlog/build.go:70.2,70.88 1 0
github.com/emad-elsaid/xlog/build.go:70.88,71.16 1 0
github.com/emad-elsaid/xlog/build.go:71.16,72.37 1 0
github.com/emad-elsaid/xlog/build.go:72.37,74.5 1 0
github.com/emad-elsaid/xlog/build.go:76.3,77.17 2 0
github.com/emad-elsaid/xlog/build.go:77.17,79.4 1 0
github.com/emad-elsaid/xlog/build.go:80.3,80.16 1 0
github.com/emad-elsaid/xlog/build.go:80.16,81.38 1 0
github.com/emad-elsaid/xlog/build.go:81.38,83.5 1 0
github.com/emad-elsaid/xlog/build.go:85.3,85.45 1 0
github.com/emad-elsaid/xlog/build.go:85.45,87.4 1 0
github.com/emad-elsaid/xlog/build.go:90.2,90.64 1 0
github.com/emad-elsaid/xlog/build.go:90.64,98.17 2 0
github.com/emad-elsaid/xlog/build.go:98.17,100.4 1 0
github.com/emad-elsaid/xlog/build.go:102.3,102.14 1 0
github.com/emad-elsaid/xlog/build.go:105.2,105.55 1 0
github.com/emad-elsaid/xlog/build.go:105.55,113.17 2 0
github.com/emad-elsaid/xlog/build.go:113.17,115.4 1 0
github.com/emad-elsaid/xlog/build.go:117.3,117.14 1 0
github.com/emad-elsaid/xlog/build.go:120.2,120.84 1 0
github.com/emad-elsaid/xlog/build.go:120.84,121.17 1 0
github.com/emad-elsaid/xlog/build.go:121.17,123.4 1 0
github.com/emad-elsaid/xlog/build.go:125.3,127.20 2 0
github.com/emad-elsaid/xlog/build.go:127.20,128.61 1 0
github.com/emad-elsaid/xlog/build.go:128.61,130.5 1 0
github.com/emad-elsaid/xlog/build.go:131.9,131.53 1 0
github.com/emad-elsaid/xlog/build.go:131.53,133.4 1 0
github.com/emad-elsaid/xlog/build.go:133.9,135.18 2 0
github.com/emad-elsaid/xlog/build.go:135.18,137.5 1 0
github.com/emad-elsaid/xlog/build.go:139.4,139.71 1 0
github.com/emad-elsaid/xlog/build.go:139.71,141.5 1 0
github.com/emad-elsaid/xlog/build.go:144.3,144.13 1 0
github.com/emad-elsaid/xlog/build.go:148.66,150.16 2 0
github.com/emad-elsaid/xlog/build.go:150.16,152.3 1 0
github.com/emad-elsaid/xlog/build.go:154.2,157.54 3 0
github.com/emad-elsaid/xlog/build.go:157.54,159.3 1 0
github.com/emad-elsaid/xlog/build.go:161.2,161.46 1 0
github.com/emad-elsaid/xlog/build.go:161.46,163.3 1 0
github.com/emad-elsaid/xlog/build.go:165.2,166.16 2 0
github.com/emad-elsaid/xlog/build.go:166.16,168.3 1 0
github.com/emad-elsaid/xlog/build.go:169.2,169.15 1 0
github.com/emad-elsaid/xlog/build.go:169.15,170.51 1 0
github.com/emad-elsaid/xlog/build.go:170.51,172.4 1 0
github.com/emad-elsaid/xlog/build.go:175.2,175.46 1 0
github.com/emad-elsaid/xlog/command.go:22.46,24.2 1 0
github.com/emad-elsaid/xlog/command.go:30.33,32.26 2 0
github.com/emad-elsaid/xlog/command.go:32.26,34.3 1 0
github.com/emad-elsaid/xlog/command.go:36.2,36.13 1 0
github.com/emad-elsaid/xlog/command.go:41.51,43.2 1 0
github.com/emad-elsaid/xlog/command.go:48.38,50.31 2 0
github.com/emad-elsaid/xlog/command.go:50.31,52.3 1 0
github.com/emad-elsaid/xlog/command.go:54.2,54.13 1 0
github.com/emad-elsaid/xlog/command.go:60.43,62.2 1 0
github.com/emad-elsaid/xlog/command.go:67.30,69.23 2 0
github.com/emad-elsaid/xlog/command.go:69.23,71.3 1 0
github.com/emad-elsaid/xlog/command.go:72.2,72.13 1 0
github.com/emad-elsaid/xlog/each.go:22.35,24.2 1 0
github.com/emad-elsaid/xlog/each.go:29.35,30.33 1 0
github.com/emad-elsaid/xlog/each.go:30.33,31.23 1 0
github.com/emad-elsaid/xlog/each.go:31.23,33.4 1 0
github.com/emad-elsaid/xlog/each.go:36.2,36.14 1 0
github.com/emad-elsaid/xlog/each.go:44.40,49.19 4 0
github.com/emad-elsaid/xlog/each.go:49.19,54.3 4 0
github.com/emad-elsaid/xlog/each.go:56.2,56.15 1 0
github.com/emad-elsaid/xlog/each.go:61.50,66.19 4 0
github.com/emad-elsaid/xlog/each.go:66.19,71.3 4 0
github.com/emad-elsaid/xlog/each.go:73.2,73.27 1 0
github.com/emad-elsaid/xlog/each.go:73.27,74.10 1 0
github.com/emad-elsaid/xlog/each.go:75.21,76.10 1 0
github.com/emad-elsaid/xlog/each.go:77.11,78.8 1 0
github.com/emad-elsaid/xlog/each.go:87.62,92.19 4 0
github.com/emad-elsaid/xlog/each.go:92.19,97.3 4 0
github.com/emad-elsaid/xlog/each.go:99.2,106.12 6 0
github.com/emad-elsaid/xlog/each.go:106.12,107.21 1 0
github.com/emad-elsaid/xlog/each.go:107.21,109.4 1 0
github.com/emad-elsaid/xlog/each.go:110.3,110.15 1 0
github.com/emad-elsaid/xlog/each.go:113.2,113.27 1 0
github.com/emad-elsaid/xlog/each.go:113.27,114.10 1 0
github.com/emad-elsaid/xlog/each.go:115.21,116.9 1 0
github.com/emad-elsaid/xlog/each.go:117.11,118.30 1 0
github.com/emad-elsaid/xlog/each.go:118.30,120.19 2 0
github.com/emad-elsaid/xlog/each.go:120.19,122.6 1 0
github.com/emad-elsaid/xlog/each.go:124.5,126.11 2 0
github.com/emad-elsaid/xlog/each.go:131.2,131.35 1 0
github.com/emad-elsaid/xlog/each.go:131.35,133.3 1 0
github.com/emad-elsaid/xlog/each.go:134.2,137.15 3 0
github.com/emad-elsaid/xlog/each.go:141.29,152.2 3 0
github.com/emad-elsaid/xlog/each.go:154.42,159.2 4 0
github.com/emad-elsaid/xlog/each.go:161.46,166.18 3 0
github.com/emad-elsaid/xlog/each.go:166.18,168.3 1 0
github.com/emad-elsaid/xlog/each.go:170.2,171.28 2 0
github.com/emad-elsaid/xlog/each.go:171.28,172.10 1 0
github.com/emad-elsaid/xlog/each.go:173.21,174.10 1 0
github.com/emad-elsaid/xlog/each.go:175.11,176.29 1 0
github.com/emad-elsaid/xlog/each.go:176.29,178.5 1 0
github.com/emad-elsaid/xlog/events.go:38.46,42.33 3 0
github.com/emad-elsaid/xlog/events.go:42.33,44.3 1 0
github.com/emad-elsaid/xlog/events.go:46.2,46.42 1 0
github.com/emad-elsaid/xlog/events.go:52.35,57.9 4 1
github.com/emad-elsaid/xlog/events.go:57.9,59.3 1 1
github.com/emad-elsaid/xlog/events.go:61.2,61.29 1 0
github.com/emad-elsaid/xlog/events.go:61.29,62.30 1 0
github.com/emad-elsaid/xlog/events.go:62.30,64.4 1 0
github.com/emad-elsaid/xlog/extensions.go:16.37,18.2 1 0
github.com/emad-elsaid/xlog/extensions.go:20.23,21.40 1 0
github.com/emad-elsaid/xlog/extensions.go:21.40,24.3 2 0
github.com/emad-elsaid/xlog/extensions.go:26.2,29.28 4 0
github.com/emad-elsaid/xlog/extensions.go:29.28,30.54 1 0
github.com/emad-elsaid/xlog/extensions.go:30.54,32.12 2 0
github.com/emad-elsaid/xlog/extensions.go:35.3,36.60 2 0
github.com/emad-elsaid/xlog/extensions.go:39.2,39.72 1 0
github.com/emad-elsaid/xlog/flags.go:25.13,42.2 13 1
github.com/emad-elsaid/xlog/fs.go:15.56,16.35 1 0
github.com/emad-elsaid/xlog/fs.go:16.35,19.17 3 0
github.com/emad-elsaid/xlog/fs.go:19.17,21.4 1 0
github.com/emad-elsaid/xlog/fs.go:24.2,24.28 1 0
github.com/emad-elsaid/xlog/fs.go:35.33,37.2 1 0
github.com/emad-elsaid/xlog/fs.go:39.47,41.16 2 0
github.com/emad-elsaid/xlog/fs.go:41.16,43.3 1 0
github.com/emad-elsaid/xlog/fs.go:45.2,55.53 4 0
github.com/emad-elsaid/xlog/fs.go:55.53,57.3 1 0
github.com/emad-elsaid/xlog/fs.go:57.8,60.3 2 0
github.com/emad-elsaid/xlog/handlers.go:18.33,31.27 8 0
github.com/emad-elsaid/xlog/handlers.go:31.27,33.3 1 0
github.com/emad-elsaid/xlog/handlers.go:35.2,35.22 1 0
github.com/emad-elsaid/xlog/handlers.go:35.22,38.3 2 0
github.com/emad-elsaid/xlog/handlers.go:40.2,40.48 1 0
github.com/emad-elsaid/xlog/handlers.go:40.48,43.3 2 0
github.com/emad-elsaid/xlog/handlers.go:45.2,50.27 4 0
github.com/emad-elsaid/xlog/handlers.go:50.27,51.45 1 0
github.com/emad-elsaid/xlog/handlers.go:51.45,54.4 2 0
github.com/emad-elsaid/xlog/handlers.go:56.3,56.9 1 0
github.com/emad-elsaid/xlog/handlers.go:59.2,62.12 3 0
github.com/emad-elsaid/xlog/handlers.go:62.12,64.37 2 0
github.com/emad-elsaid/xlog/handlers.go:64.37,66.4 1 0
github.com/emad-elsaid/xlog/handlers.go:69.2,69.45 1 0
github.com/emad-elsaid/xlog/handlers.go:69.45,71.3 1 0
github.com/emad-elsaid/xlog/handlers.go:75.36,77.2 1 0
github.com/emad-elsaid/xlog/handlers.go:81.39,84.17 2 0
github.com/emad-elsaid/xlog/handlers.go:84.17,86.3 1 0
github.com/emad-elsaid/xlog/handlers.go:88.2,88.20 1 0
github.com/emad-elsaid/xlog/handlers.go:88.20,90.62 1 0
github.com/emad-elsaid/xlog/handlers.go:90.62,92.4 1 0
github.com/emad-elsaid/xlog/handlers.go:95.3,95.50 1 0
github.com/emad-elsaid/xlog/handlers.go:95.50,97.4 1 0
github.com/emad-elsaid/xlog/handlers.go:100.3,100.22 1 0
github.com/emad-elsaid/xlog/handlers.go:100.22,102.4 1 0
github.com/emad-elsaid/xlog/handlers.go:106.3,110.35 2 0
github.com/emad-elsaid/xlog/handlers.go:110.35,114.5 2 0
github.com/emad-elsaid/xlog/handlers.go:118.2,121.4 1 0
github.com/emad-elsaid/xlog/helpers.go:39.47,40.32 1 0
github.com/emad-elsaid/xlog/helpers.go:40.32,42.3 1 0
github.com/emad-elsaid/xlog/helpers.go:44.2,46.12 2 0
github.com/emad-elsaid/xlog/helpers.go:54.30,55.21 1 0
github.com/emad-elsaid/xlog/helpers.go:55.21,57.3 1 0
github.com/emad-elsaid/xlog/helpers.go:59.2,69.21 8 0
github.com/emad-elsaid/xlog/helpers.go:69.21,71.3 1 0
github.com/emad-elsaid/xlog/helpers.go:73.2,73.79 1 0
github.com/emad-elsaid/xlog/helpers.go:73.79,74.10 1 0
github.com/emad-elsaid/xlog/helpers.go:75.18,78.50 3 0
github.com/emad-elsaid/xlog/helpers.go:79.19,82.52 3 0
github.com/emad-elsaid/xlog/helpers.go:83.18,86.50 3 0
github.com/emad-elsaid/xlog/helpers.go:87.17,90.48 3 0
github.com/emad-elsaid/xlog/helpers.go:91.23,94.50 3 0
github.com/emad-elsaid/xlog/helpers.go:95.25,98.54 3 0
github.com/emad-elsaid/xlog/helpers.go:99.25,102.54 3 0
github.com/emad-elsaid/xlog/helpers.go:106.2,108.19 2 0
github.com/emad-elsaid/xlog/helpers.go:114.27,115.28 1 0
github.com/emad-elsaid/xlog/helpers.go:115.28,117.3 1 0
github.com/emad-elsaid/xlog/helpers.go:119.2,119.20 1 0
github.com/emad-elsaid/xlog/helpers.go:123.20,125.2 1 0
github.com/emad-elsaid/xlog/helpers.go:127.40,131.2 2 0
github.com/emad-elsaid/xlog/helpers.go:133.30,135.23 2 0
github.com/emad-elsaid/xlog/helpers.go:135.23,137.3 1 0
github.com/emad-elsaid/xlog/helpers.go:139.2,139.34 1 0
github.com/emad-elsaid/xlog/helpers.go:142.35,144.2 1 0
github.com/emad-elsaid/xlog/helpers.go:146.28,148.14 2 0
github.com/emad-elsaid/xlog/helpers.go:148.14,150.3 1 0
github.com/emad-elsaid/xlog/helpers.go:152.2,153.64 2 0
github.com/emad-elsaid/xlog/helpers.go:153.64,155.3 1 0
github.com/emad-elsaid/xlog/helpers.go:157.2,158.48 2 0
github.com/emad-elsaid/xlog/helpers.go:158.48,160.3 1 0
github.com/emad-elsaid/xlog/helpers.go:162.2,163.9 2 0
github.com/emad-elsaid/xlog/helpers.go:163.9,165.3 1 0
github.com/emad-elsaid/xlog/helpers.go:167.2,168.35 2 0
github.com/emad-elsaid/xlog/helpers.go:168.35,170.3 1 0
github.com/emad-elsaid/xlog/helpers.go:172.2,172.60 1 0
github.com/emad-elsaid/xlog/helpers.go:172.60,175.3 2 0
github.com/emad-elsaid/xlog/helpers.go:177.2,177.13 1 0
github.com/emad-elsaid/xlog/helpers.go:180.27,182.63 2 0
github.com/emad-elsaid/xlog/helpers.go:182.63,184.3 1 0
github.com/emad-elsaid/xlog/helpers.go:186.2,186.11 1 0
github.com/emad-elsaid/xlog/helpers.go:189.27,192.14 2 0
github.com/emad-elsaid/xlog/helpers.go:192.14,194.3 1 0
github.com/emad-elsaid/xlog/helpers.go:196.2,196.10 1 0
github.com/emad-elsaid/xlog/helpers.go:200.34,202.2 1 0
github.com/emad-elsaid/xlog/markdown_fs.go:20.42,22.16 2 1
github.com/emad-elsaid/xlog/markdown_fs.go:22.16,24.49 2 0
github.com/emad-elsaid/xlog/markdown_fs.go:27.2,34.26 2 1
github.com/emad-elsaid/xlog/markdown_fs.go:34.26,35.18 1 0
github.com/emad-elsaid/xlog/markdown_fs.go:35.18,37.5 1 0
github.com/emad-elsaid/xlog/markdown_fs.go:39.4,41.5 1 0
github.com/emad-elsaid/xlog/markdown_fs.go:45.2,45.33 1 1
github.com/emad-elsaid/xlog/markdown_fs.go:45.33,46.13 1 0
github.com/emad-elsaid/xlog/markdown_fs.go:46.13,50.18 3 0
github.com/emad-elsaid/xlog/markdown_fs.go:50.18,53.5 2 0
github.com/emad-elsaid/xlog/markdown_fs.go:55.4,55.74 1 0
github.com/emad-elsaid/xlog/markdown_fs.go:55.74,58.5 2 0
github.com/emad-elsaid/xlog/markdown_fs.go:59.4,61.8 2 0
github.com/emad-elsaid/xlog/markdown_fs.go:61.8,62.39 1 0
github.com/emad-elsaid/xlog/markdown_fs.go:63.53,65.20 2 0
github.com/emad-elsaid/xlog/markdown_fs.go:65.20,67.15 2 0
github.com/emad-elsaid/xlog/markdown_fs.go:70.6,70.44 1 0
github.com/emad-elsaid/xlog/markdown_fs.go:70.44,71.15 1 0
github.com/emad-elsaid/xlog/markdown_fs.go:74.6,74.32 1 0
github.com/emad-elsaid/xlog/markdown_fs.go:74.32,75.15 1 0
github.com/emad-elsaid/xlog/markdown_fs.go:78.6,81.26 4 0
github.com/emad-elsaid/xlog/markdown_fs.go:82.24,84.20 2 0
github.com/emad-elsaid/xlog/markdown_fs.go:84.20,86.15 2 0
github.com/emad-elsaid/xlog/markdown_fs.go:89.6,89.44 1 0
github.com/emad-elsaid/xlog/markdown_fs.go:89.44,90.15 1 0
github.com/emad-elsaid/xlog/markdown_fs.go:93.6,93.32 1 0
github.com/emad-elsaid/xlog/markdown_fs.go:93.32,94.15 1 0
github.com/emad-elsaid/xlog/markdown_fs.go:97.6,100.26 4 0
github.com/emad-elsaid/xlog/markdown_fs.go:106.2,106.11 1 1
github.com/emad-elsaid/xlog/markdown_fs.go:119.45,123.2 2 0
github.com/emad-elsaid/xlog/markdown_fs.go:125.62,126.81 1 0
github.com/emad-elsaid/xlog/markdown_fs.go:126.81,127.54 1 0
github.com/emad-elsaid/xlog/markdown_fs.go:127.54,129.4 1 0
github.com/emad-elsaid/xlog/markdown_fs.go:131.3,131.10 1 0
github.com/emad-elsaid/xlog/markdown_fs.go:133.21,134.40 1 0
github.com/emad-elsaid/xlog/markdown_fs.go:136.11,140.20 3 0
github.com/emad-elsaid/xlog/markdown_fs.go:140.20,142.5 1 0
github.com/emad-elsaid/xlog/markdown_fs.go:146.3,146.13 1 0
github.com/emad-elsaid/xlog/page.go:57.30,59.2 1 1
github.com/emad-elsaid/xlog/page.go:61.34,63.2 1 1
github.com/emad-elsaid/xlog/page.go:65.30,68.2 2 1
github.com/emad-elsaid/xlog/page.go:70.39,74.78 3 0
github.com/emad-elsaid/xlog/page.go:74.78,76.3 1 0
github.com/emad-elsaid/xlog/page.go:78.2,78.36 1 0
github.com/emad-elsaid/xlog/page.go:81.35,83.16 2 1
github.com/emad-elsaid/xlog/page.go:83.16,85.3 1 0
github.com/emad-elsaid/xlog/page.go:86.2,86.22 1 1
github.com/emad-elsaid/xlog/page.go:89.47,95.54 4 0
github.com/emad-elsaid/xlog/page.go:95.54,100.3 4 0
github.com/emad-elsaid/xlog/page.go:102.2,102.29 1 0
github.com/emad-elsaid/xlog/page.go:105.30,110.16 3 0
github.com/emad-elsaid/xlog/page.go:110.16,112.17 2 0
github.com/emad-elsaid/xlog/page.go:112.17,115.4 2 0
github.com/emad-elsaid/xlog/page.go:117.2,117.13 1 0
github.com/emad-elsaid/xlog/page.go:120.45,125.62 4 1
github.com/emad-elsaid/xlog/page.go:125.62,128.3 2 1
github.com/emad-elsaid/xlog/page.go:130.2,131.66 2 1
github.com/emad-elsaid/xlog/page.go:131.66,134.3 2 1
github.com/emad-elsaid/xlog/page.go:135.2,135.13 1 1
github.com/emad-elsaid/xlog/page.go:138.36,140.16 2 0
github.com/emad-elsaid/xlog/page.go:140.16,142.3 1 0
github.com/emad-elsaid/xlog/page.go:144.2,144.20 1 0
github.com/emad-elsaid/xlog/page.go:147.53,151.50 3 0
github.com/emad-elsaid/xlog/page.go:151.50,153.3 1 0
github.com/emad-elsaid/xlog/page.go:155.2,155.31 1 0
github.com/emad-elsaid/xlog/page.go:158.29,162.2 3 1
github.com/emad-elsaid/xlog/page.go:171.45,171.58 1 0
github.com/emad-elsaid/xlog/page.go:172.45,172.61 1 0
github.com/emad-elsaid/xlog/page.go:173.45,173.58 1 0
github.com/emad-elsaid/xlog/page.go:174.45,174.61 1 0
github.com/emad-elsaid/xlog/page.go:175.45,175.61 1 0
github.com/emad-elsaid/xlog/page.go:176.45,176.67 1 0
github.com/emad-elsaid/xlog/page.go:177.45,177.64 1 0
github.com/emad-elsaid/xlog/page.go:178.45,178.65 1 0
github.com/emad-elsaid/xlog/page.go:179.45,180.23 1 0
github.com/emad-elsaid/xlog/page.go:180.23,182.3 1 0
github.com/emad-elsaid/xlog/page.go:184.2,184.11 1 0
github.com/emad-elsaid/xlog/page_source.go:18.36,19.25 1 0
github.com/emad-elsaid/xlog/page_source.go:19.25,21.29 2 0
github.com/emad-elsaid/xlog/page_source.go:21.29,23.4 1 0
github.com/emad-elsaid/xlog/page_source.go:26.2,26.8 1 0
github.com/emad-elsaid/xlog/page_source.go:29.39,31.2 1 0
github.com/emad-elsaid/xlog/preprocessor.go:15.43,15.87 1 0
github.com/emad-elsaid/xlog/preprocessor.go:19.44,20.34 1 0
github.com/emad-elsaid/xlog/preprocessor.go:20.34,22.3 1 0
github.com/emad-elsaid/xlog/preprocessor.go:24.2,24.16 1 0
github.com/emad-elsaid/xlog/property.go:23.48,25.2 1 0
github.com/emad-elsaid/xlog/property.go:30.45,32.38 2 0
github.com/emad-elsaid/xlog/property.go:32.38,33.32 1 0
github.com/emad-elsaid/xlog/property.go:33.32,35.4 1 0
github.com/emad-elsaid/xlog/property.go:38.2,38.11 1 0
github.com/emad-elsaid/xlog/property.go:43.39,43.67 1 0
github.com/emad-elsaid/xlog/property.go:44.39,44.70 1 0
github.com/emad-elsaid/xlog/property.go:45.39,45.71 1 0
github.com/emad-elsaid/xlog/property.go:47.38,48.26 1 0
github.com/emad-elsaid/xlog/property.go:48.26,50.3 1 0
github.com/emad-elsaid/xlog/property.go:52.2,54.3 1 0
github.com/emad-elsaid/xlog/renderer.go:20.65,45.2 1 0
github.com/emad-elsaid/xlog/renderer.go:50.59,51.14 1 0
github.com/emad-elsaid/xlog/renderer.go:51.14,53.3 1 0
github.com/emad-elsaid/xlog/renderer.go:55.2,55.74 1 0
github.com/emad-elsaid/xlog/renderer.go:55.74,56.28 1 0
github.com/emad-elsaid/xlog/renderer.go:56.28,58.4 1 0
github.com/emad-elsaid/xlog/renderer.go:60.3,60.31 1 0
github.com/emad-elsaid/xlog/renderer.go:63.2,63.8 1 0
github.com/emad-elsaid/xlog/renderer.go:67.51,68.14 1 0
github.com/emad-elsaid/xlog/renderer.go:68.14,70.3 1 0
github.com/emad-elsaid/xlog/renderer.go:72.2,72.74 1 0
github.com/emad-elsaid/xlog/renderer.go:72.74,73.16 1 0
github.com/emad-elsaid/xlog/renderer.go:73.16,75.4 1 0
github.com/emad-elsaid/xlog/renderer.go:77.3,77.30 1 0
github.com/emad-elsaid/xlog/renderer.go:77.30,79.4 1 0
github.com/emad-elsaid/xlog/renderer.go:80.3,80.31 1 0
github.com/emad-elsaid/xlog/renderer.go:83.2,83.8 1 0
github.com/emad-elsaid/xlog/server.go:35.75,36.22 1 0
github.com/emad-elsaid/xlog/server.go:36.22,45.30 3 0
github.com/emad-elsaid/xlog/server.go:45.30,48.4 2 0
github.com/emad-elsaid/xlog/server.go:50.3,51.45 1 0
github.com/emad-elsaid/xlog/server.go:54.2,56.8 2 0
github.com/emad-elsaid/xlog/server.go:59.28,62.41 3 0
github.com/emad-elsaid/xlog/server.go:62.41,64.3 1 0
github.com/emad-elsaid/xlog/server.go:66.2,71.3 1 0
github.com/emad-elsaid/xlog/server.go:78.69,79.37 1 0
github.com/emad-elsaid/xlog/server.go:79.37,81.3 1 0
github.com/emad-elsaid/xlog/server.go:85.34,86.37 1 0
github.com/emad-elsaid/xlog/server.go:86.37,88.3 1 0
github.com/emad-elsaid/xlog/server.go:92.36,93.37 1 0
github.com/emad-elsaid/xlog/server.go:93.37,95.3 1 0
github.com/emad-elsaid/xlog/server.go:99.44,100.37 1 0
github.com/emad-elsaid/xlog/server.go:100.37,102.3 1 0
github.com/emad-elsaid/xlog/server.go:106.34,107.37 1 0
github.com/emad-elsaid/xlog/server.go:107.37,109.3 1 0
github.com/emad-elsaid/xlog/server.go:113.25,114.37 1 0
github.com/emad-elsaid/xlog/server.go:114.37,116.3 1 0
github.com/emad-elsaid/xlog/server.go:120.36,121.37 1 0
github.com/emad-elsaid/xlog/server.go:121.37,122.50 1 0
github.com/emad-elsaid/xlog/server.go:122.50,124.4 1 0
github.com/emad-elsaid/xlog/server.go:128.33,129.37 1 0
github.com/emad-elsaid/xlog/server.go:129.37,131.17 2 0
github.com/emad-elsaid/xlog/server.go:131.17,132.68 1 0
github.com/emad-elsaid/xlog/server.go:132.68,134.5 1 0
github.com/emad-elsaid/xlog/server.go:135.4,135.10 1 0
github.com/emad-elsaid/xlog/server.go:138.3,138.39 1 0
github.com/emad-elsaid/xlog/server.go:138.39,140.4 1 0
github.com/emad-elsaid/xlog/server.go:146.44,149.2 2 0
github.com/emad-elsaid/xlog/server.go:153.45,156.2 2 0
github.com/emad-elsaid/xlog/server.go:160.47,163.2 2 0
github.com/emad-elsaid/xlog/server.go:166.46,167.37 1 0
github.com/emad-elsaid/xlog/server.go:167.37,168.63 1 0
github.com/emad-elsaid/xlog/server.go:168.63,170.4 1 0
github.com/emad-elsaid/xlog/server.go:174.56,175.54 1 0
github.com/emad-elsaid/xlog/server.go:175.54,179.3 3 0
github.com/emad-elsaid/xlog/server.go:183.31,184.37 1 0
github.com/emad-elsaid/xlog/server.go:184.37,187.3 2 0
github.com/emad-elsaid/xlog/server.go:192.39,199.2 6 0
github.com/emad-elsaid/xlog/template.go:25.47,28.2 2 0
github.com/emad-elsaid/xlog/template.go:30.25,37.44 4 1
github.com/emad-elsaid/xlog/template.go:37.44,39.3 1 0
github.com/emad-elsaid/xlog/template.go:41.2,42.35 2 1
github.com/emad-elsaid/xlog/template.go:42.35,43.75 1 1
github.com/emad-elsaid/xlog/template.go:43.75,44.18 1 1
github.com/emad-elsaid/xlog/template.go:44.18,46.5 1 0
github.com/emad-elsaid/xlog/template.go:48.4,48.57 1 1
github.com/emad-elsaid/xlog/template.go:48.57,54.19 5 1
github.com/emad-elsaid/xlog/template.go:54.19,56.6 1 0
github.com/emad-elsaid/xlog/template.go:58.5,58.71 1 1
github.com/emad-elsaid/xlog/template.go:61.4,61.14 1 1
github.com/emad-elsaid/xlog/template.go:69.54,71.14 2 0
github.com/emad-elsaid/xlog/template.go:71.14,73.3 1 0
github.com/emad-elsaid/xlog/template.go:75.2,75.17 1 0
github.com/emad-elsaid/xlog/template.go:75.17,77.3 1 0
github.com/emad-elsaid/xlog/template.go:79.2,83.43 3 0
github.com/emad-elsaid/xlog/template.go:83.43,85.3 1 0
github.com/emad-elsaid/xlog/template.go:87.2,87.34 1 0
github.com/emad-elsaid/xlog/widgets.go:40.68,45.9 4 0
github.com/emad-elsaid/xlog/widgets.go:45.9,48.3 2 0
github.com/emad-elsaid/xlog/widgets.go:50.2,50.21 1 0
github.com/emad-elsaid/xlog/widgets.go:55.60,60.9 4 0
github.com/emad-elsaid/xlog/widgets.go:60.9,62.3 1 0
github.com/emad-elsaid/xlog/widgets.go:64.2,64.25 1 0
github.com/emad-elsaid/xlog/widgets.go:64.25,66.3 1 0
github.com/emad-elsaid/xlog/widgets.go:67.2,67.8 1 0
github.com/emad-elsaid/xlog/widgets.go:79.58,82.2 2 0
github.com/emad-elsaid/xlog/widgets.go:84.45,85.43 1 0
github.com/emad-elsaid/xlog/widgets.go:85.43,87.3 1 0
github.com/emad-elsaid/xlog/widgets.go:91.46,92.34 1 0
github.com/emad-elsaid/xlog/widgets.go:92.34,93.30 1 0
github.com/emad-elsaid/xlog/widgets.go:93.30,94.22 1 0
github.com/emad-elsaid/xlog/widgets.go:94.22,96.5 1 0
