mode: set
github.com/emad-elsaid/xlog/extensions/shortcode/extension.go:11.13,13.2 1 1
github.com/emad-elsaid/xlog/extensions/shortcode/extension.go:17.36,17.58 1 0
github.com/emad-elsaid/xlog/extensions/shortcode/extension.go:18.29,20.2 1 0
github.com/emad-elsaid/xlog/extensions/shortcode/extension.go:22.51,34.2 3 1
github.com/emad-elsaid/xlog/extensions/shortcode/node.go:18.56,23.2 2 0
github.com/emad-elsaid/xlog/extensions/shortcode/node.go:25.45,27.2 1 1
github.com/emad-elsaid/xlog/extensions/shortcode/node.go:36.46,38.2 1 0
github.com/emad-elsaid/xlog/extensions/shortcode/parser.go:15.44,17.2 1 1
github.com/emad-elsaid/xlog/extensions/shortcode/parser.go:19.113,22.42 3 1
github.com/emad-elsaid/xlog/extensions/shortcode/parser.go:22.42,24.3 1 0
github.com/emad-elsaid/xlog/extensions/shortcode/parser.go:26.2,27.26 2 1
github.com/emad-elsaid/xlog/extensions/shortcode/parser.go:27.26,29.3 1 1
github.com/emad-elsaid/xlog/extensions/shortcode/parser.go:31.2,38.9 7 1
github.com/emad-elsaid/xlog/extensions/shortcode/parser.go:38.9,40.3 1 0
github.com/emad-elsaid/xlog/extensions/shortcode/parser.go:42.2,45.22 3 1
github.com/emad-elsaid/xlog/extensions/shortcode/parser.go:45.22,51.3 1 1
github.com/emad-elsaid/xlog/extensions/shortcode/parser.go:53.2,57.17 1 1
github.com/emad-elsaid/xlog/extensions/shortcode/parser.go:60.103,62.2 1 1
github.com/emad-elsaid/xlog/extensions/shortcode/parser.go:64.88,64.89 0 1
github.com/emad-elsaid/xlog/extensions/shortcode/parser.go:65.87,65.102 1 0
github.com/emad-elsaid/xlog/extensions/shortcode/parser.go:66.87,66.103 1 0
github.com/emad-elsaid/xlog/extensions/shortcode/renderer.go:12.84,15.2 2 1
github.com/emad-elsaid/xlog/extensions/shortcode/renderer.go:17.120,18.15 1 1
github.com/emad-elsaid/xlog/extensions/shortcode/renderer.go:18.15,20.3 1 1
github.com/emad-elsaid/xlog/extensions/shortcode/renderer.go:22.2,23.9 2 1
github.com/emad-elsaid/xlog/extensions/shortcode/renderer.go:23.9,25.3 1 0
github.com/emad-elsaid/xlog/extensions/shortcode/renderer.go:27.2,29.51 3 1
github.com/emad-elsaid/xlog/extensions/shortcode/renderer.go:29.51,31.3 1 0
github.com/emad-elsaid/xlog/extensions/shortcode/renderer.go:33.2,33.30 1 1
github.com/emad-elsaid/xlog/extensions/shortcode/renderer.go:36.125,37.15 1 0
github.com/emad-elsaid/xlog/extensions/shortcode/renderer.go:37.15,39.3 1 0
github.com/emad-elsaid/xlog/extensions/shortcode/renderer.go:41.2,42.9 2 0
github.com/emad-elsaid/xlog/extensions/shortcode/renderer.go:42.9,44.3 1 0
github.com/emad-elsaid/xlog/extensions/shortcode/renderer.go:46.2,48.35 3 0
github.com/emad-elsaid/xlog/extensions/shortcode/renderer.go:48.35,51.3 2 0
github.com/emad-elsaid/xlog/extensions/shortcode/renderer.go:53.2,54.51 2 0
github.com/emad-elsaid/xlog/extensions/shortcode/renderer.go:54.51,56.3 1 0
github.com/emad-elsaid/xlog/extensions/shortcode/renderer.go:58.2,58.30 1 0
github.com/emad-elsaid/xlog/extensions/shortcode/shortcode.go:17.32,22.2 3 0
github.com/emad-elsaid/xlog/extensions/shortcode/shortcode.go:24.60,27.2 2 0
github.com/emad-elsaid/xlog/extensions/shortcode/shortcode.go:31.54,31.88 1 0
github.com/emad-elsaid/xlog/extensions/shortcode/shortcode.go:32.54,32.91 1 0
github.com/emad-elsaid/xlog/extensions/shortcode/shortcode.go:33.54,33.91 1 0
github.com/emad-elsaid/xlog/extensions/shortcode/shortcode.go:34.54,34.90 1 0
github.com/emad-elsaid/xlog/extensions/shortcode/shortcode.go:39.58,43.2 3 1
github.com/emad-elsaid/xlog/extensions/shortcode/transformer.go:11.103,16.79 3 1
github.com/emad-elsaid/xlog/extensions/shortcode/transformer.go:16.79,17.16 1 1
github.com/emad-elsaid/xlog/extensions/shortcode/transformer.go:17.16,19.4 1 1
github.com/emad-elsaid/xlog/extensions/shortcode/transformer.go:21.3,21.61 1 1
github.com/emad-elsaid/xlog/extensions/shortcode/transformer.go:21.61,23.11 2 1
github.com/emad-elsaid/xlog/extensions/shortcode/transformer.go:23.11,24.13 1 1
github.com/emad-elsaid/xlog/extensions/shortcode/transformer.go:27.4,31.15 4 1
github.com/emad-elsaid/xlog/extensions/shortcode/transformer.go:31.15,32.13 1 1
github.com/emad-elsaid/xlog/extensions/shortcode/transformer.go:35.4,35.30 1 1
github.com/emad-elsaid/xlog/extensions/shortcode/transformer.go:38.3,38.31 1 1
github.com/emad-elsaid/xlog/extensions/shortcode/transformer.go:41.2,41.27 1 1
github.com/emad-elsaid/xlog/extensions/shortcode/transformer.go:41.27,53.3 6 1
